function f() {
foo
}

int a = 5;
foo;

string x = `foo`;

